Archive member included to satisfy reference by file (symbol)

/usr/bin/../lib/gcc/arm-none-eabi/13.2.1/thumb/v6-m/nofp/libgcc.a(_dvmd_tls.o)
                              CMakeFiles/hallcal.dir/pico-sdk/src/rp2_common/pico_divider/divider.S.obj (__aeabi_idiv0)
/usr/bin/../lib/gcc/arm-none-eabi/13.2.1/../../../../arm-none-eabi/lib/thumb/v6-m/nofp/libc.a(libc_a-malloc.o)
                              CMakeFiles/hallcal.dir/pico-sdk/src/rp2_common/pico_malloc/pico_malloc.c.obj (malloc)
/usr/bin/../lib/gcc/arm-none-eabi/13.2.1/../../../../arm-none-eabi/lib/thumb/v6-m/nofp/libc.a(libc_a-mallocr.o)
                              /usr/bin/../lib/gcc/arm-none-eabi/13.2.1/../../../../arm-none-eabi/lib/thumb/v6-m/nofp/libc.a(libc_a-malloc.o) (_malloc_r)
/usr/bin/../lib/gcc/arm-none-eabi/13.2.1/../../../../arm-none-eabi/lib/thumb/v6-m/nofp/libc.a(libc_a-init.o)
                              /usr/bin/../lib/gcc/arm-none-eabi/13.2.1/../../../../arm-none-eabi/lib/thumb/v6-m/nofp/crt0.o (__libc_init_array)
/usr/bin/../lib/gcc/arm-none-eabi/13.2.1/../../../../arm-none-eabi/lib/thumb/v6-m/nofp/libc.a(libc_a-sysconf.o)
                              /usr/bin/../lib/gcc/arm-none-eabi/13.2.1/../../../../arm-none-eabi/lib/thumb/v6-m/nofp/libc.a(libc_a-mallocr.o) (sysconf)
/usr/bin/../lib/gcc/arm-none-eabi/13.2.1/../../../../arm-none-eabi/lib/thumb/v6-m/nofp/libc.a(libc_a-mlock.o)
                              /usr/bin/../lib/gcc/arm-none-eabi/13.2.1/../../../../arm-none-eabi/lib/thumb/v6-m/nofp/libc.a(libc_a-mallocr.o) (__malloc_lock)
/usr/bin/../lib/gcc/arm-none-eabi/13.2.1/../../../../arm-none-eabi/lib/thumb/v6-m/nofp/libc.a(libc_a-calloc.o)
                              CMakeFiles/hallcal.dir/pico-sdk/src/rp2_common/pico_malloc/pico_malloc.c.obj (calloc)
/usr/bin/../lib/gcc/arm-none-eabi/13.2.1/../../../../arm-none-eabi/lib/thumb/v6-m/nofp/libc.a(libc_a-callocr.o)
                              /usr/bin/../lib/gcc/arm-none-eabi/13.2.1/../../../../arm-none-eabi/lib/thumb/v6-m/nofp/libc.a(libc_a-calloc.o) (_calloc_r)
/usr/bin/../lib/gcc/arm-none-eabi/13.2.1/../../../../arm-none-eabi/lib/thumb/v6-m/nofp/libc.a(libc_a-realloc.o)
                              CMakeFiles/hallcal.dir/pico-sdk/src/rp2_common/pico_malloc/pico_malloc.c.obj (realloc)
/usr/bin/../lib/gcc/arm-none-eabi/13.2.1/../../../../arm-none-eabi/lib/thumb/v6-m/nofp/libc.a(libc_a-impure.o)
                              /usr/bin/../lib/gcc/arm-none-eabi/13.2.1/../../../../arm-none-eabi/lib/thumb/v6-m/nofp/libc.a(libc_a-malloc.o) (_impure_ptr)
/usr/bin/../lib/gcc/arm-none-eabi/13.2.1/../../../../arm-none-eabi/lib/thumb/v6-m/nofp/libc.a(libc_a-findfp.o)
                              /usr/bin/../lib/gcc/arm-none-eabi/13.2.1/../../../../arm-none-eabi/lib/thumb/v6-m/nofp/libc.a(libc_a-impure.o) (__sf)
/usr/bin/../lib/gcc/arm-none-eabi/13.2.1/../../../../arm-none-eabi/lib/thumb/v6-m/nofp/libc.a(libc_a-strlen-stub.o)
                              CMakeFiles/hallcal.dir/pico-sdk/src/rp2_common/pico_stdio/stdio.c.obj (strlen)
/usr/bin/../lib/gcc/arm-none-eabi/13.2.1/../../../../arm-none-eabi/lib/thumb/v6-m/nofp/libc.a(libc_a-reallocr.o)
                              /usr/bin/../lib/gcc/arm-none-eabi/13.2.1/../../../../arm-none-eabi/lib/thumb/v6-m/nofp/libc.a(libc_a-realloc.o) (_realloc_r)
/usr/bin/../lib/gcc/arm-none-eabi/13.2.1/../../../../arm-none-eabi/lib/thumb/v6-m/nofp/libc.a(libc_a-freer.o)
                              /usr/bin/../lib/gcc/arm-none-eabi/13.2.1/../../../../arm-none-eabi/lib/thumb/v6-m/nofp/libc.a(libc_a-malloc.o) (_free_r)
/usr/bin/../lib/gcc/arm-none-eabi/13.2.1/../../../../arm-none-eabi/lib/thumb/v6-m/nofp/libc.a(libc_a-stdio.o)
                              /usr/bin/../lib/gcc/arm-none-eabi/13.2.1/../../../../arm-none-eabi/lib/thumb/v6-m/nofp/libc.a(libc_a-findfp.o) (__sread)
/usr/bin/../lib/gcc/arm-none-eabi/13.2.1/../../../../arm-none-eabi/lib/thumb/v6-m/nofp/libc.a(libc_a-sbrkr.o)
                              /usr/bin/../lib/gcc/arm-none-eabi/13.2.1/../../../../arm-none-eabi/lib/thumb/v6-m/nofp/libc.a(libc_a-mallocr.o) (_sbrk_r)
/usr/bin/../lib/gcc/arm-none-eabi/13.2.1/../../../../arm-none-eabi/lib/thumb/v6-m/nofp/libc.a(libc_a-fwalk.o)
                              /usr/bin/../lib/gcc/arm-none-eabi/13.2.1/../../../../arm-none-eabi/lib/thumb/v6-m/nofp/libc.a(libc_a-findfp.o) (_fwalk_sglue)
/usr/bin/../lib/gcc/arm-none-eabi/13.2.1/../../../../arm-none-eabi/lib/thumb/v6-m/nofp/libc.a(libc_a-writer.o)
                              /usr/bin/../lib/gcc/arm-none-eabi/13.2.1/../../../../arm-none-eabi/lib/thumb/v6-m/nofp/libc.a(libc_a-stdio.o) (_write_r)
/usr/bin/../lib/gcc/arm-none-eabi/13.2.1/../../../../arm-none-eabi/lib/thumb/v6-m/nofp/libc.a(libc_a-errno.o)
                              /usr/bin/../lib/gcc/arm-none-eabi/13.2.1/../../../../arm-none-eabi/lib/thumb/v6-m/nofp/libc.a(libc_a-sysconf.o) (__errno)
/usr/bin/../lib/gcc/arm-none-eabi/13.2.1/../../../../arm-none-eabi/lib/thumb/v6-m/nofp/libc.a(libc_a-memmove.o)
[...]
Memory Configuration

Name             Origin             Length             Attributes
FLASH            0x10000000         0x00200000         xr
RAM              0x20000000         0x00040000         xrw
SCRATCH_X        0x20040000         0x00001000         xrw
SCRATCH_Y        0x20041000         0x00001000         xrw
*default*        0x00000000         0xffffffff

Linker script and memory map

LOAD /usr/bin/../lib/gcc/arm-none-eabi/13.2.1/thumb/v6-m/nofp/crti.o
LOAD /usr/bin/../lib/gcc/arm-none-eabi/13.2.1/thumb/v6-m/nofp/crtbegin.o
LOAD /usr/bin/../lib/gcc/arm-none-eabi/13.2.1/../../../../arm-none-eabi/lib/thumb/v6-m/nofp/crt0.o

.flash_begin    0x10000000        0x0
                0x10000000                        __flash_binary_start = .

.boot2          0x10000000      0x100
                0x10000000                        __boot2_start__ = .
 *(.boot2)
 .boot2         0x10000000      0x100 /tmp/cc2MZrpX.o
                0x10000100                        __boot2_end__ = .
                0x00000001                        ASSERT (((__boot2_end__ - __boot2_start__) == 0x100), ERROR: Pico second stage bootloader must be 256 bytes in size)

.text           0x10000100     0x4780
                0x10000100                        __logical_binary_start = .
 *(.vectors)
 .vectors       0x10000100       0xd4 CMakeFiles/hallcal.dir/pico-sdk/src/rp2_common/pico_standard_link/crt0.S.obj
                0x10000100                __vectors
                0x10000100                __VECTOR_TABLE
                0x100001c0                isr_invalid
                0x100001c0                __default_isrs_start
                0x100001c2                isr_nmi
                0x100001c4                isr_hardfault
                0x100001c6                isr_svcall
                0x100001c8                isr_pendsv
                0x100001ca                isr_systick
                0x100001cc                isr_irq30
                0x100001cc                __unhandled_user_irq
                0x100001cc                isr_irq13
                0x100001cc                isr_irq27
                0x100001cc                isr_irq31
                0x100001cc                isr_irq5
                0x100001cc                isr_irq11
                0x100001cc                isr_irq23
                0x100001cc                isr_irq18
                0x100001cc                isr_irq28
                0x100001cc                isr_irq19
                0x100001cc                isr_irq0
                0x100001cc                isr_irq6
                0x100001cc                isr_irq22
                0x100001cc                isr_irq17
                0x100001cc                isr_irq14
                0x100001cc                isr_irq2
                0x100001cc                isr_irq10
                0x100001cc                isr_irq8
                0x100001cc                isr_irq24
                0x100001cc                isr_irq1
                0x100001cc                isr_irq7
                0x100001cc                isr_irq21
                0x100001cc                isr_irq20
                0x100001cc                isr_irq15
                0x100001cc                isr_irq25
                0x100001cc                isr_irq4
                0x100001cc                isr_irq16
                0x100001cc                isr_irq29
                0x100001cc                isr_irq26
                0x100001cc                __default_isrs_end
                0x100001cc                isr_irq3
                0x100001cc                isr_irq12
                0x100001cc                isr_irq9
                0x100001d2                unhandled_user_irq_num_in_r0
 *(.binary_info_header)
 .binary_info_header
                0x100001d4       0x14 CMakeFiles/hallcal.dir/pico-sdk/src/rp2_common/pico_standard_link/crt0.S.obj
                0x100001e8                        __binary_info_header_end = .
 *(.reset)
 .reset         0x100001e8       0xa0 CMakeFiles/hallcal.dir/pico-sdk/src/rp2_common/pico_standard_link/crt0.S.obj
                0x100001e8                _entry_point
 .reset         0x10000288       0x30 CMakeFiles/hallcal.dir/pico-sdk/src/rp2_common/pico_standard_link/binary_info.c.obj
 *(.init)
 .init          0x100002b8        0x4 /usr/bin/../lib/gcc/arm-none-eabi/13.2.1/thumb/v6-m/nofp/crti.o
                0x100002b8                _init
 *(EXCLUDE_FILE(*libm.a: *libc.a:*lib_a-mem*.o *libgcc.a:) .text*)
 .text.register_tm_clones
                0x100002bc       0x28 /usr/bin/../lib/gcc/arm-none-eabi/13.2.1/thumb/v6-m/nofp/crtbegin.o
 .text.frame_dummy
                0x100002e4       0x24 /usr/bin/../lib/gcc/arm-none-eabi/13.2.1/thumb/v6-m/nofp/crtbegin.o
 .text.startup.main
                0x10000308      0x13c CMakeFiles/hallcal.dir/callibration.c.obj
                0x10000308                main
 .text.gpio_set_function
                0x10000444       0x30 CMakeFiles/hallcal.dir/pico-sdk/src/rp2_common/hardware_gpio/gpio.c.obj
                0x10000444                gpio_set_function
 .text.gpio_set_pulls
                0x10000474       0x24 CMakeFiles/hallcal.dir/pico-sdk/src/rp2_common/hardware_gpio/gpio.c.obj
                0x10000474                gpio_set_pulls
 .text.gpio_set_input_enabled
                0x10000498       0x28 CMakeFiles/hallcal.dir/pico-sdk/src/rp2_common/hardware_gpio/gpio.c.obj
                0x10000498                gpio_set_input_enabled
 .text.gpio_init
                0x100004c0       0x3c CMakeFiles/hallcal.dir/pico-sdk/src/rp2_common/hardware_gpio/gpio.c.obj
                0x100004c0                gpio_init
 .text.running_on_fpga
                0x100004fc       0x10 CMakeFiles/hallcal.dir/pico-sdk/src/rp2_common/pico_platform/platform.c.obj
                0x100004fc                running_on_fpga
 .text.hw_claim_or_assert
                0x1000050c       0x44 CMakeFiles/hallcal.dir/pico-sdk/src/rp2_common/hardware_claim/claim.c.obj
                0x1000050c                hw_claim_or_assert
 .text.spin_locks_reset
                0x10000550       0x1c CMakeFiles/hallcal.dir/pico-sdk/src/rp2_common/hardware_sync/sync.c.obj
                0x10000550                spin_locks_reset
 .text.next_striped_spin_lock_num
                0x1000056c       0x18 CMakeFiles/hallcal.dir/pico-sdk/src/rp2_common/hardware_sync/sync.c.obj
                0x1000056c                next_striped_spin_lock_num
 .text.irq_set_enabled
                0x10000584       0x24 CMakeFiles/hallcal.dir/pico-sdk/src/rp2_common/hardware_irq/irq.c.obj
                0x10000584                irq_set_enabled
 .text.irq_get_vtable_handler
                0x100005a8       0x10 CMakeFiles/hallcal.dir/pico-sdk/src/rp2_common/hardware_irq/irq.c.obj
                0x100005a8                irq_get_vtable_handler
 .text.irq_set_exclusive_handler
                0x100005b8       0x54 CMakeFiles/hallcal.dir/pico-sdk/src/rp2_common/hardware_irq/irq.c.obj
                0x100005b8                irq_set_exclusive_handler
 .text.irq_remove_handler
                0x1000060c      0x1c4 CMakeFiles/hallcal.dir/pico-sdk/src/rp2_common/hardware_irq/irq.c.obj
                0x1000060c                irq_remove_handler
 .text.irq_add_tail_to_free_list
                0x100007d0       0xb4 CMakeFiles/hallcal.dir/pico-sdk/src/rp2_common/hardware_irq/irq.c.obj
                0x100007d0                irq_add_tail_to_free_list
 .text.irq_init_priorities
                0x10000884       0x24 CMakeFiles/hallcal.dir/pico-sdk/src/rp2_common/hardware_irq/irq.c.obj
                0x10000884                irq_init_priorities
 .text.lock_init
                0x100008a8       0x10 CMakeFiles/hallcal.dir/pico-sdk/src/common/pico_sync/lock_core.c.obj
                0x100008a8                lock_init
 .text.mutex_init
                0x100008b8       0x1c CMakeFiles/hallcal.dir/pico-sdk/src/common/pico_sync/mutex.c.obj
                0x100008b8                mutex_init
 .text.recursive_mutex_init
                0x100008d4       0x1c CMakeFiles/hallcal.dir/pico-sdk/src/common/pico_sync/mutex.c.obj
                0x100008d4                recursive_mutex_init
 .text.timer_pool_entry_comparator
                0x100008f0       0x34 CMakeFiles/hallcal.dir/pico-sdk/src/common/pico_time/time.c.obj
                0x100008f0                timer_pool_entry_comparator
 .text.sleep_until_callback
                0x10000924       0x30 CMakeFiles/hallcal.dir/pico-sdk/src/common/pico_time/time.c.obj
 .text.add_alarm_under_lock.isra.0
                0x10000954      0x100 CMakeFiles/hallcal.dir/pico-sdk/src/common/pico_time/time.c.obj
 .text.alarm_pool_alarm_callback
                0x10000a54      0x1c0 CMakeFiles/hallcal.dir/pico-sdk/src/common/pico_time/time.c.obj
 .text.alarm_pool_init_default
                0x10000c14       0x6c CMakeFiles/hallcal.dir/pico-sdk/src/common/pico_time/time.c.obj
                0x10000c14                alarm_pool_init_default
 .text.alarm_pool_add_alarm_at
                0x10000c80      0x17c CMakeFiles/hallcal.dir/pico-sdk/src/common/pico_time/time.c.obj
                0x10000c80                alarm_pool_add_alarm_at
 .text.sleep_until
                0x10000dfc       0xc4 CMakeFiles/hallcal.dir/pico-sdk/src/common/pico_time/time.c.obj
                0x10000dfc                sleep_until
 .text.sleep_us
                0x10000ec0       0x28 CMakeFiles/hallcal.dir/pico-sdk/src/common/pico_time/time.c.obj
                0x10000ec0                sleep_us
 .text.sleep_ms
                0x10000ee8       0x38 CMakeFiles/hallcal.dir/pico-sdk/src/common/pico_time/time.c.obj
                0x10000ee8                sleep_ms
 .text.best_effort_wfe_or_timeout
                0x10000f20       0xcc CMakeFiles/hallcal.dir/pico-sdk/src/common/pico_time/time.c.obj
                0x10000f20                best_effort_wfe_or_timeout
 .text.hardware_alarm_irq_handler
                0x10000fec       0xbc CMakeFiles/hallcal.dir/pico-sdk/src/rp2_common/hardware_timer/timer.c.obj
 .text.hardware_alarm_claim
                0x100010a8       0x18 CMakeFiles/hallcal.dir/pico-sdk/src/rp2_common/hardware_timer/timer.c.obj
                0x100010a8                hardware_alarm_claim
 .text.time_us_64
                0x100010c0       0x14 CMakeFiles/hallcal.dir/pico-sdk/src/rp2_common/hardware_timer/timer.c.obj
                0x100010c0                time_us_64
 .text.busy_wait_us
                0x100010d4       0x68 CMakeFiles/hallcal.dir/pico-sdk/src/rp2_common/hardware_timer/timer.c.obj
                0x100010d4                busy_wait_us
 .text.busy_wait_until
                0x1000113c       0x20 CMakeFiles/hallcal.dir/pico-sdk/src/rp2_common/hardware_timer/timer.c.obj
                0x1000113c                busy_wait_until
 .text.hardware_alarm_set_callback
                0x1000115c       0x8c CMakeFiles/hallcal.dir/pico-sdk/src/rp2_common/hardware_timer/timer.c.obj
                0x1000115c                hardware_alarm_set_callback
 .text.hardware_alarm_set_target
                0x100011e8       0xd0 CMakeFiles/hallcal.dir/pico-sdk/src/rp2_common/hardware_timer/timer.c.obj
                0x100011e8                hardware_alarm_set_target
 .text.hardware_alarm_cancel
                0x100012b8       0x3c CMakeFiles/hallcal.dir/pico-sdk/src/rp2_common/hardware_timer/timer.c.obj
                0x100012b8                hardware_alarm_cancel
 .text.ph_merge_nodes
                0x100012f4       0x58 CMakeFiles/hallcal.dir/pico-sdk/src/common/pico_util/pheap.c.obj
 .text.ph_post_alloc_init
                0x1000134c       0x3c CMakeFiles/hallcal.dir/pico-sdk/src/common/pico_util/pheap.c.obj
                0x1000134c                ph_post_alloc_init
 .text.ph_merge_two_pass
                0x10001388       0x8c CMakeFiles/hallcal.dir/pico-sdk/src/common/pico_util/pheap.c.obj
                0x10001388                ph_merge_two_pass
 .text.ph_remove_any_head
                0x10001414      0x100 CMakeFiles/hallcal.dir/pico-sdk/src/common/pico_util/pheap.c.obj
 .text.ph_remove_head
                0x10001514      0x104 CMakeFiles/hallcal.dir/pico-sdk/src/common/pico_util/pheap.c.obj
                0x10001514                ph_remove_head
 .text.ph_remove_and_free_node
                0x10001618       0x78 CMakeFiles/hallcal.dir/pico-sdk/src/common/pico_util/pheap.c.obj
                0x10001618                ph_remove_and_free_node
 .text.uart_init
                0x10001690      0x18c CMakeFiles/hallcal.dir/pico-sdk/src/rp2_common/hardware_uart/uart.c.obj
                0x10001690                uart_init
 .text.clocks_init
                0x1000181c      0x2c8 CMakeFiles/hallcal.dir/pico-sdk/src/rp2_common/hardware_clocks/clocks.c.obj
                0x1000181c                clocks_init
 .text.clock_get_hz
                0x10001ae4        0xc CMakeFiles/hallcal.dir/pico-sdk/src/rp2_common/hardware_clocks/clocks.c.obj
                0x10001ae4                clock_get_hz
 .text.pll_init
                0x10001af0       0xa4 CMakeFiles/hallcal.dir/pico-sdk/src/rp2_common/hardware_pll/pll.c.obj
                0x10001af0                pll_init
 .text.watchdog_start_tick
                0x10001b94       0x10 CMakeFiles/hallcal.dir/pico-sdk/src/rp2_common/hardware_watchdog/watchdog.c.obj
                0x10001b94                watchdog_start_tick
 .text.xosc_init
                0x10001ba4       0x28 CMakeFiles/hallcal.dir/pico-sdk/src/rp2_common/hardware_xosc/xosc.c.obj
                0x10001ba4                xosc_init
 .text.runtime_init
                0x10001bcc       0xf0 CMakeFiles/hallcal.dir/pico-sdk/src/rp2_common/pico_runtime/runtime.c.obj
                0x10001bcc                runtime_init
 .text._exit    0x10001cbc        0x4 CMakeFiles/hallcal.dir/pico-sdk/src/rp2_common/pico_runtime/runtime.c.obj
                0x10001cbc                _exit
 .text.exit     0x10001cc0        0x8 CMakeFiles/hallcal.dir/pico-sdk/src/rp2_common/pico_runtime/runtime.c.obj
                0x10001cc0                exit
 .text.panic    0x10001cc8       0x30 CMakeFiles/hallcal.dir/pico-sdk/src/rp2_common/pico_runtime/runtime.c.obj
                0x10001cc8                panic
 .text.hard_assertion_failure
                0x10001cf8        0xc CMakeFiles/hallcal.dir/pico-sdk/src/rp2_common/pico_runtime/runtime.c.obj
                0x10001cf8                hard_assertion_failure
 .text._out_null
                0x10001d04        0x4 CMakeFiles/hallcal.dir/pico-sdk/src/rp2_common/pico_printf/printf.c.obj
 .text._out_rev
                0x10001d08       0xac CMakeFiles/hallcal.dir/pico-sdk/src/rp2_common/pico_printf/printf.c.obj
 .text._ntoa_format
                0x10001db4      0x250 CMakeFiles/hallcal.dir/pico-sdk/src/rp2_common/pico_printf/printf.c.obj
 .text._out_char
                0x10002004       0x10 CMakeFiles/hallcal.dir/pico-sdk/src/rp2_common/pico_printf/printf.c.obj
 .text._out_fct
                0x10002014       0x10 CMakeFiles/hallcal.dir/pico-sdk/src/rp2_common/pico_printf/printf.c.obj
 .text._etoa    0x10002024      0x464 CMakeFiles/hallcal.dir/pico-sdk/src/rp2_common/pico_printf/printf.c.obj
 .text._ftoa    0x10002488      0x3c0 CMakeFiles/hallcal.dir/pico-sdk/src/rp2_common/pico_printf/printf.c.obj
 .text._vsnprintf
                0x10002848      0xbc8 CMakeFiles/hallcal.dir/pico-sdk/src/rp2_common/pico_printf/printf.c.obj
 .text.vfctprintf
                0x10003410       0x20 CMakeFiles/hallcal.dir/pico-sdk/src/rp2_common/pico_printf/printf.c.obj
                0x10003410                vfctprintf
 .text.weak_raw_vprintf
                0x10003430       0x30 CMakeFiles/hallcal.dir/pico-sdk/src/rp2_common/pico_printf/printf.c.obj
                0x10003430                weak_raw_vprintf
 .text          0x10003460       0x10 CMakeFiles/hallcal.dir/pico-sdk/src/rp2_common/pico_bit_ops/bit_ops_aeabi.S.obj
 .text.rom_func_lookup
                0x10003470       0x10 CMakeFiles/hallcal.dir/pico-sdk/src/rp2_common/pico_bootrom/bootrom.c.obj
                0x10003470                rom_func_lookup
 .text.rom_data_lookup
                0x10003480       0x10 CMakeFiles/hallcal.dir/pico-sdk/src/rp2_common/pico_bootrom/bootrom.c.obj
                0x10003480                rom_data_lookup
 .text.rom_funcs_lookup
                0x10003490       0x44 CMakeFiles/hallcal.dir/pico-sdk/src/rp2_common/pico_bootrom/bootrom.c.obj
                0x10003490                rom_funcs_lookup
 .text.__wrap___aeabi_idiv
                0x100034d4       0x50 CMakeFiles/hallcal.dir/pico-sdk/src/rp2_common/pico_divider/divider.S.obj
                0x100034d4                __wrap___aeabi_idivmod
                0x100034d4                divmod_s32s32
                0x100034d4                div_s32s32
                0x100034d4                __wrap___aeabi_idiv
                0x100034dc                divmod_s32s32_unsafe
                0x10003508                divmod_s32s32_savestate
 .text.__wrap___aeabi_uidiv
                0x10003524       0x4c CMakeFiles/hallcal.dir/pico-sdk/src/rp2_common/pico_divider/divider.S.obj
                0x10003524                __wrap___aeabi_uidiv
                0x10003524                __wrap___aeabi_uidivmod
                0x10003524                div_u32u32
                0x10003524                divmod_u32u32
                0x1000352c                divmod_u32u32_unsafe
                0x10003554                divmod_u32u32_savestate
 .text.__wrap___aeabi_ldiv
                0x10003570      0x424 CMakeFiles/hallcal.dir/pico-sdk/src/rp2_common/pico_divider/divider.S.obj
                0x10003570                div_s64s64
                0x10003570                divmod_s64s64
                0x10003570                __wrap___aeabi_ldivmod
                0x100035a0                div_u64u64
                0x100035a0                divmod_u64u64
                0x100035a0                __wrap___aeabi_uldivmod
                0x100035b0                divmod_u64u64_savestate
                0x100035d0                divmod_s64s64_unsafe
                0x10003658                divmod_u64u64_unsafe
 .text.__wrap___aeabi_darithmetic
                0x10003994       0x80 CMakeFiles/hallcal.dir/pico-sdk/src/rp2_common/pico_double/double_aeabi.S.obj
                0x10003994                __wrap___aeabi_drsub
                0x1000399a                __wrap___aeabi_dsub
                0x100039ac                __wrap___aeabi_dadd
                0x100039be                __wrap___aeabi_ddiv
                0x100039fa                __wrap___aeabi_dmul
 .text.__wrap___aeabi_cdcmple
                0x10003a14       0x6c CMakeFiles/hallcal.dir/pico-sdk/src/rp2_common/pico_double/double_aeabi.S.obj
                0x10003a14                __wrap___aeabi_cdrcmple
                0x10003a24                __wrap___aeabi_cdcmple
                0x10003a24                __wrap___aeabi_cdcmpeq
 .text.__wrap___aeabi_dcmplt
                0x10003a80        0xc CMakeFiles/hallcal.dir/pico-sdk/src/rp2_common/pico_double/double_aeabi.S.obj
                0x10003a80                __wrap___aeabi_dcmplt
 .text.__wrap___aeabi_dcmpge
                0x10003a8c       0x10 CMakeFiles/hallcal.dir/pico-sdk/src/rp2_common/pico_double/double_aeabi.S.obj
                0x10003a8c                __wrap___aeabi_dcmpge
 .text.__wrap___aeabi_dcmpgt
                0x10003a9c        0xa CMakeFiles/hallcal.dir/pico-sdk/src/rp2_common/pico_double/double_aeabi.S.obj
                0x10003a9c                __wrap___aeabi_dcmpgt
 .text.__wrap___aeabi_dcmpun
                0x10003aa6       0x1c CMakeFiles/hallcal.dir/pico-sdk/src/rp2_common/pico_double/double_aeabi.S.obj
                0x10003aa6                __wrap___aeabi_dcmpun
 *fill*         0x10003ac2        0x2 
 .text.__wrap___aeabi_i2d
                0x10003ac4       0x38 CMakeFiles/hallcal.dir/pico-sdk/src/rp2_common/pico_double/double_aeabi.S.obj
                0x10003ac4                __wrap___aeabi_ui2d
                0x10003acc                __wrap___aeabi_i2d
 .text.__wrap___aeabi_d2iz
                0x10003afc       0x48 CMakeFiles/hallcal.dir/pico-sdk/src/rp2_common/pico_double/double_aeabi.S.obj
                0x10003afc                __wrap___aeabi_d2iz
                0x10003afc                double2int_z
 .text.__wrap___aeabi_d2uiz
                0x10003b44       0x18 CMakeFiles/hallcal.dir/pico-sdk/src/rp2_common/pico_double/double_aeabi.S.obj
                0x10003b44                double2uint
                0x10003b44                __wrap___aeabi_d2uiz
 .text.__aeabi_double_init
                0x10003b5c       0x98 CMakeFiles/hallcal.dir/pico-sdk/src/rp2_common/pico_double/double_init_rom.c.obj
                0x10003b5c                __aeabi_double_init
 .text.double_table_shim_on_use_helper
                0x10003bf4       0x2c CMakeFiles/hallcal.dir/pico-sdk/src/rp2_common/pico_double/double_v1_rom_shim.S.obj
                0x10003bf4                double_table_shim_on_use_helper
 .text.__wrap___aeabi_dsub
                0x10003c20       0x10 CMakeFiles/hallcal.dir/pico-sdk/src/rp2_common/pico_double/double_v1_rom_shim.S.obj
                0x10003c20                drsub_shim
                0x10003c26                dsub_shim
 .text.dadd_shim
                0x10003c30      0x15c CMakeFiles/hallcal.dir/pico-sdk/src/rp2_common/pico_double/double_v1_rom_shim.S.obj
                0x10003c30                dadd_shim
 .text.dmul_shim
                0x10003d8c      0x15c CMakeFiles/hallcal.dir/pico-sdk/src/rp2_common/pico_double/double_v1_rom_shim.S.obj
                0x10003d8c                dmul_shim
 .text.ddiv_shim
                0x10003ee8      0x1b0 CMakeFiles/hallcal.dir/pico-sdk/src/rp2_common/pico_double/double_v1_rom_shim.S.obj
                0x10003ee8                ddiv_shim
 .text.double2uint_shim
                0x10004098        0xe CMakeFiles/hallcal.dir/pico-sdk/src/rp2_common/pico_double/double_v1_rom_shim.S.obj
                0x10004098                double2uint_shim
                0x1000409a                double2ufix_shim
 *fill*         0x100040a6        0x2 
 .text.double2uint64_shim
                0x100040a8       0x70 CMakeFiles/hallcal.dir/pico-sdk/src/rp2_common/pico_double/double_v1_rom_shim.S.obj
                0x100040a8                double2uint64_shim
                0x100040aa                double2ufix64_shim
                0x100040ca                d2fix_a
 .text.dunpacks
                0x10004118       0x3c CMakeFiles/hallcal.dir/pico-sdk/src/rp2_common/pico_double/double_v1_rom_shim.S.obj
                0x10004118                dunpacks
 .text.__aeabi_lmul
                0x10004154       0x32 CMakeFiles/hallcal.dir/pico-sdk/src/rp2_common/pico_int64_ops/pico_int64_ops_aeabi.S.obj
                0x10004154                __wrap___aeabi_lmul
 *fill*         0x10004186        0x2 
 .text.__aeabi_float_init
                0x10004188       0x64 CMakeFiles/hallcal.dir/pico-sdk/src/rp2_common/pico_float/float_init_rom.c.obj
                0x10004188                __aeabi_float_init
 .text.float_table_shim_on_use_helper
                0x100041ec       0x2c CMakeFiles/hallcal.dir/pico-sdk/src/rp2_common/pico_float/float_v1_rom_shim.S.obj
                0x100041ec                float_table_shim_on_use_helper
 .text          0x10004218       0x10 CMakeFiles/hallcal.dir/pico-sdk/src/rp2_common/pico_mem_ops/mem_ops_aeabi.S.obj
                0x10004218                __aeabi_mem_init
 .text.memcpy   0x10004228        0xc CMakeFiles/hallcal.dir/pico-sdk/src/rp2_common/pico_mem_ops/mem_ops_aeabi.S.obj
                0x10004228                __wrap___aeabi_memcpy
                0x10004228                __wrap_memcpy
 .text.stdio_out_chars_crlf
                0x10004234       0x94 CMakeFiles/hallcal.dir/pico-sdk/src/rp2_common/pico_stdio/stdio.c.obj
 .text.stdio_buffered_printer
                0x100042c8       0x64 CMakeFiles/hallcal.dir/pico-sdk/src/rp2_common/pico_stdio/stdio.c.obj
 .text.__wrap_putchar
                0x1000432c       0x98 CMakeFiles/hallcal.dir/pico-sdk/src/rp2_common/pico_stdio/stdio.c.obj
                0x1000432c                __wrap_putchar
 .text.__wrap_puts
                0x100043c4       0xe0 CMakeFiles/hallcal.dir/pico-sdk/src/rp2_common/pico_stdio/stdio.c.obj
                0x100043c4                __wrap_puts
 .text.stdio_set_driver_enabled
                0x100044a4       0x30 CMakeFiles/hallcal.dir/pico-sdk/src/rp2_common/pico_stdio/stdio.c.obj
                0x100044a4                stdio_set_driver_enabled
 .text.__wrap_vprintf
                0x100044d4       0xd4 CMakeFiles/hallcal.dir/pico-sdk/src/rp2_common/pico_stdio/stdio.c.obj
                0x100044d4                __wrap_vprintf
 .text.__wrap_printf
                0x100045a8       0x18 CMakeFiles/hallcal.dir/pico-sdk/src/rp2_common/pico_stdio/stdio.c.obj
                0x100045a8                __wrap_printf
 .text.stdio_init_all
                0x100045c0        0xc CMakeFiles/hallcal.dir/pico-sdk/src/rp2_common/pico_stdio/stdio.c.obj
                0x100045c0                stdio_init_all
 .text.stdio_uart_out_chars
                0x100045cc       0x4c CMakeFiles/hallcal.dir/pico-sdk/src/rp2_common/pico_stdio_uart/stdio_uart.c.obj
 .text.stdio_uart_in_chars
                0x10004618       0x90 CMakeFiles/hallcal.dir/pico-sdk/src/rp2_common/pico_stdio_uart/stdio_uart.c.obj
                0x10004618                stdio_uart_in_chars
 .text.on_uart_rx
                0x100046a8       0x28 CMakeFiles/hallcal.dir/pico-sdk/src/rp2_common/pico_stdio_uart/stdio_uart.c.obj
 .text.stdio_uart_set_chars_available_callback
                0x100046d0       0x8c CMakeFiles/hallcal.dir/pico-sdk/src/rp2_common/pico_stdio_uart/stdio_uart.c.obj
 .text.stdio_uart_init
                0x1000475c       0x48 CMakeFiles/hallcal.dir/pico-sdk/src/rp2_common/pico_stdio_uart/stdio_uart.c.obj
                0x1000475c                stdio_uart_init
 .text.adc_init
                0x100047a4       0x38 CMakeFiles/hallcal.dir/pico-sdk/src/rp2_common/hardware_adc/adc.c.obj
                0x100047a4                adc_init
 .text.strlen   0x100047dc       0x5c /usr/bin/../lib/gcc/arm-none-eabi/13.2.1/../../../../arm-none-eabi/lib/thumb/v6-m/nofp/libc.a(libc_a-strlen-stub.o)
                0x100047dc                strlen
 *(.fini)
 .fini          0x10004838        0x4 /usr/bin/../lib/gcc/arm-none-eabi/13.2.1/thumb/v6-m/nofp/crti.o
                0x10004838                _fini
 *fill*         0x1000483c        0x4 
 .fini.__stub   0x10004840       0x40 linker stubs
 *crtbegin.o(.ctors)
 *crtbegin?.o(.ctors)
 *(EXCLUDE_FILE(*crtend.o *crtend?.o) .ctors)
 *(SORT_BY_NAME(.ctors.*))
 *(.ctors)
 *crtbegin.o(.dtors)
 *crtbegin?.o(.dtors)
 *(EXCLUDE_FILE(*crtend.o *crtend?.o) .dtors)
 *(SORT_BY_NAME(.dtors.*))
 *(.dtors)
 *(.eh_frame*)
 .eh_frame      0x10004880        0x0 /usr/bin/../lib/gcc/arm-none-eabi/13.2.1/thumb/v6-m/nofp/crtbegin.o
                0x10004880                        . = ALIGN (0x4)

.glue_7         0x10004880        0x0
 .glue_7        0x10004880        0x0 linker stubs

.glue_7t        0x10004880        0x0
 .glue_7t       0x10004880        0x0 linker stubs

.vfp11_veneer   0x10004880        0x0
 .vfp11_veneer  0x10004880        0x0 linker stubs

.v4_bx          0x10004880        0x0
 .v4_bx         0x10004880        0x0 linker stubs

.iplt           0x10004880        0x0
 .iplt          0x10004880        0x0 /usr/bin/../lib/gcc/arm-none-eabi/13.2.1/thumb/v6-m/nofp/crtbegin.o

.rodata         0x10004880      0x2fc
 *(EXCLUDE_FILE(*libm.a: *libc.a:*lib_a-mem*.o *libgcc.a:) .rodata*)
 .rodata.main.str1.4
                0x10004880       0xd4 CMakeFiles/hallcal.dir/callibration.c.obj
                                  0xf (size before relaxing)
 .rodata.hardware_alarm_claim.str1.4
                0x10004954       0x22 CMakeFiles/hallcal.dir/pico-sdk/src/rp2_common/hardware_timer/timer.c.obj
 .rodata.panic.str1.4
                0x10004954       0x12 CMakeFiles/hallcal.dir/pico-sdk/src/rp2_common/pico_runtime/runtime.c.obj
 .rodata.hard_assertion_failure.str1.4
                0x10004954        0xc CMakeFiles/hallcal.dir/pico-sdk/src/rp2_common/pico_runtime/runtime.c.obj
 .rodata._ftoa.str1.4
                0x10004954       0x15 CMakeFiles/hallcal.dir/pico-sdk/src/rp2_common/pico_printf/printf.c.obj
 .rodata._vsnprintf
                0x10004954      0x19c CMakeFiles/hallcal.dir/pico-sdk/src/rp2_common/pico_printf/printf.c.obj
 .rodata.pow10.0
                0x10004af0       0x50 CMakeFiles/hallcal.dir/pico-sdk/src/rp2_common/pico_printf/printf.c.obj
 .rodata.str1.4
                0x10004b40       0x3c CMakeFiles/hallcal.dir/pico-sdk/src/rp2_common/pico_standard_link/binary_info.c.obj
 .rodata.__bi_81
                0x10004b40        0xc CMakeFiles/hallcal.dir/pico-sdk/src/rp2_common/pico_standard_link/binary_info.c.obj
 .rodata.__bi_75
                0x10004b4c        0xc CMakeFiles/hallcal.dir/pico-sdk/src/rp2_common/pico_standard_link/binary_info.c.obj
 .rodata.__bi_44
                0x10004b58        0xc CMakeFiles/hallcal.dir/pico-sdk/src/rp2_common/pico_standard_link/binary_info.c.obj
 .rodata.crlf_str.0
                0x10004b64        0x2 CMakeFiles/hallcal.dir/pico-sdk/src/rp2_common/pico_stdio/stdio.c.obj
 .rodata.str1.4
                0x10004b66       0x2c CMakeFiles/hallcal.dir/pico-sdk/src/rp2_common/pico_stdio_uart/stdio_uart.c.obj
 *fill*         0x10004b66        0x2 
 .rodata.__bi_33.4
                0x10004b68        0xc CMakeFiles/hallcal.dir/pico-sdk/src/rp2_common/pico_stdio_uart/stdio_uart.c.obj
 .rodata.__bi_34.5
                0x10004b74        0x8 CMakeFiles/hallcal.dir/pico-sdk/src/rp2_common/pico_stdio_uart/stdio_uart.c.obj
                0x10004b7c                        . = ALIGN (0x4)
 *(SORT_BY_ALIGNMENT(SORT_BY_NAME(.flashdata*)))
                0x10004b7c                        . = ALIGN (0x4)

.ARM.extab
 *(.ARM.extab* .gnu.linkonce.armextab.*)
                0x10004b7c                        __exidx_start = .

.ARM.exidx
 *(.ARM.exidx* .gnu.linkonce.armexidx.*)
                0x10004b7c                        __exidx_end = .
                0x10004b7c                        . = ALIGN (0x4)
                0x10004b7c                        __binary_info_start = .

.binary_info    0x10004b7c       0x24
 *(.binary_info.keep.*)
 .binary_info.keep.__bi_ptr81
                0x10004b7c        0x4 CMakeFiles/hallcal.dir/pico-sdk/src/rp2_common/pico_standard_link/binary_info.c.obj
 .binary_info.keep.__bi_ptr75
                0x10004b80        0x4 CMakeFiles/hallcal.dir/pico-sdk/src/rp2_common/pico_standard_link/binary_info.c.obj
 .binary_info.keep.__bi_ptr50
                0x10004b84        0x4 CMakeFiles/hallcal.dir/pico-sdk/src/rp2_common/pico_standard_link/binary_info.c.obj
 .binary_info.keep.__bi_ptr44
                0x10004b88        0x4 CMakeFiles/hallcal.dir/pico-sdk/src/rp2_common/pico_standard_link/binary_info.c.obj
 .binary_info.keep.__bi_ptr38
                0x10004b8c        0x4 CMakeFiles/hallcal.dir/pico-sdk/src/rp2_common/pico_standard_link/binary_info.c.obj
 .binary_info.keep.__bi_ptr30
                0x10004b90        0x4 CMakeFiles/hallcal.dir/pico-sdk/src/rp2_common/pico_standard_link/binary_info.c.obj
 .binary_info.keep.__bi_ptr22
                0x10004b94        0x4 CMakeFiles/hallcal.dir/pico-sdk/src/rp2_common/pico_standard_link/binary_info.c.obj
 *(.binary_info.*)
 .binary_info.__bi_ptr34
                0x10004b98        0x4 CMakeFiles/hallcal.dir/pico-sdk/src/rp2_common/pico_stdio_uart/stdio_uart.c.obj
 .binary_info.__bi_ptr33
                0x10004b9c        0x4 CMakeFiles/hallcal.dir/pico-sdk/src/rp2_common/pico_stdio_uart/stdio_uart.c.obj
                0x10004ba0                        __binary_info_end = .

.rel.dyn        0x10004ba0        0x0
 .rel.iplt      0x10004ba0        0x0 /usr/bin/../lib/gcc/arm-none-eabi/13.2.1/thumb/v6-m/nofp/crtbegin.o
                0x10004ba0                        . = ALIGN (0x4)

.ram_vector_table
                0x20000000       0xc0
 *(.ram_vector_table)
 .ram_vector_table
                0x20000000       0xc0 CMakeFiles/hallcal.dir/pico-sdk/src/rp2_common/pico_runtime/runtime.c.obj
                0x20000000                ram_vector_table

.data           0x200000c0      0x1a4 load address 0x10004ba0
                0x200000c0                        __data_start__ = .
 *(vtable)
 *(.time_critical*)
 .time_critical.mutex_try_enter_block_until
                0x200000c0       0x9c CMakeFiles/hallcal.dir/pico-sdk/src/common/pico_sync/mutex.c.obj
                0x200000c0                mutex_try_enter_block_until
 .time_critical.mutex_exit
                0x2000015c       0x28 CMakeFiles/hallcal.dir/pico-sdk/src/common/pico_sync/mutex.c.obj
                0x2000015c                mutex_exit
 *(.text*)
 .text          0x20000184        0x4 /usr/bin/../lib/gcc/arm-none-eabi/13.2.1/thumb/v6-m/nofp/libgcc.a(_dvmd_tls.o)
                0x20000184                __aeabi_ldiv0
                0x20000184                __aeabi_idiv0
 .text.__stub   0x20000188       0x10 linker stubs
                0x20000198                        . = ALIGN (0x4)
 *(.rodata*)
                0x20000198                        . = ALIGN (0x4)
 *(.data*)
 .data.striped_spin_lock_num
                0x20000198        0x1 CMakeFiles/hallcal.dir/pico-sdk/src/rp2_common/hardware_sync/sync.c.obj
 *fill*         0x20000199        0x3 
 .data          0x2000019c       0x48 CMakeFiles/hallcal.dir/pico-sdk/src/rp2_common/hardware_irq/irq_handler_chain.S.obj
                0x2000019c                irq_handler_chain_slots
                0x200001cc                irq_handler_chain_first_slot
                0x200001d6                irq_handler_chain_remove_tail
 .data.default_alarm_pool
                0x200001e4       0x18 CMakeFiles/hallcal.dir/pico-sdk/src/common/pico_time/time.c.obj
 .data.default_alarm_pool_heap
                0x200001fc       0x10 CMakeFiles/hallcal.dir/pico-sdk/src/common/pico_time/time.c.obj
 *fill*         0x2000020c        0x4 
 .data.aeabi_bits_funcs
                0x20000210       0x10 CMakeFiles/hallcal.dir/pico-sdk/src/rp2_common/pico_bit_ops/bit_ops_aeabi.S.obj
                0x20000210                aeabi_bits_funcs
                0x20000220                aeabi_bits_funcs_end
 .data.aeabi_mem_funcs
                0x20000220       0x10 CMakeFiles/hallcal.dir/pico-sdk/src/rp2_common/pico_mem_ops/mem_ops_aeabi.S.obj
                0x20000220                aeabi_mem_funcs
                0x20000230                aeabi_mem_funcs_end
 .data.stdio_uart
                0x20000230       0x18 CMakeFiles/hallcal.dir/pico-sdk/src/rp2_common/pico_stdio_uart/stdio_uart.c.obj
                0x20000230                stdio_uart
                0x20000248                        . = ALIGN (0x4)
 *(.after_data.*)
                0x20000248                        . = ALIGN (0x4)
                0x20000248                        PROVIDE (__mutex_array_start = .)
 *(SORT_BY_NAME(.mutex_array.*))
 *(.mutex_array)
 .mutex_array   0x20000248        0x8 CMakeFiles/hallcal.dir/pico-sdk/src/rp2_common/pico_stdio/stdio.c.obj
                0x20000250                        PROVIDE (__mutex_array_end = .)
                0x20000250                        . = ALIGN (0x4)
                0x20000250                        PROVIDE (__preinit_array_start = .)
 *(SORT_BY_NAME(.preinit_array.*))
 .preinit_array.00001
                0x20000250        0x4 CMakeFiles/hallcal.dir/pico-sdk/src/rp2_common/pico_mem_ops/mem_ops_aeabi.S.obj
 .preinit_array.00010
                0x20000254        0x4 CMakeFiles/hallcal.dir/pico-sdk/src/rp2_common/pico_bit_ops/bit_ops_aeabi.S.obj
 .preinit_array.00020
                0x20000258        0x4 CMakeFiles/hallcal.dir/pico-sdk/src/rp2_common/pico_double/double_aeabi.S.obj
 .preinit_array.00020
                0x2000025c        0x4 CMakeFiles/hallcal.dir/pico-sdk/src/rp2_common/pico_float/float_aeabi.S.obj
 *(.preinit_array)
                0x20000260                        PROVIDE (__preinit_array_end = .)
                0x20000260                        . = ALIGN (0x4)
                0x20000260                        PROVIDE (__init_array_start = .)
 *(SORT_BY_NAME(.init_array.*))
 *(.init_array)
 .init_array    0x20000260        0x4 /usr/bin/../lib/gcc/arm-none-eabi/13.2.1/thumb/v6-m/nofp/crtbegin.o
                0x20000264                        PROVIDE (__init_array_end = .)
                0x20000264                        . = ALIGN (0x4)
                [!provide]                        PROVIDE (__fini_array_start = .)
 *(SORT_BY_NAME(.fini_array.*))
 *(.fini_array)
                [!provide]                        PROVIDE (__fini_array_end = .)
 *(.jcr)
                0x20000264                        . = ALIGN (0x4)
                0x20000264                        __data_end__ = .
                0x10004ba0                        __etext = LOADADDR (.data)

.tm_clone_table
                0x20000264        0x0 load address 0x10004d44
 .tm_clone_table
                0x20000264        0x0 /usr/bin/../lib/gcc/arm-none-eabi/13.2.1/thumb/v6-m/nofp/crtbegin.o
 .tm_clone_table
                0x20000264        0x0 /usr/bin/../lib/gcc/arm-none-eabi/13.2.1/thumb/v6-m/nofp/crtend.o

.igot.plt       0x20000264        0x0 load address 0x10004d44
 .igot.plt      0x20000264        0x0 /usr/bin/../lib/gcc/arm-none-eabi/13.2.1/thumb/v6-m/nofp/crtbegin.o

.uninitialized_data
                0x20000264        0x0 load address 0x10004d44
                0x20000264                        . = ALIGN (0x4)
 *(.uninitialized_data*)

.scratch_x      0x20040000        0x0 load address 0x10004d44
                0x20040000                        __scratch_x_start__ = .
 *(.scratch_x.*)
                0x20040000                        . = ALIGN (0x4)
                0x20040000                        __scratch_x_end__ = .
                0x10004d44                        __scratch_x_source__ = LOADADDR (.scratch_x)

.scratch_y      0x20041000        0x0 load address 0x10004d44
                0x20041000                        __scratch_y_start__ = .
 *(.scratch_y.*)
                0x20041000                        . = ALIGN (0x4)
                0x20041000                        __scratch_y_end__ = .
                0x10004d44                        __scratch_y_source__ = LOADADDR (.scratch_y)

.bss            0x20000268      0x3d8
                0x20000268                        . = ALIGN (0x4)
                0x20000268                        __bss_start__ = .
 *(SORT_BY_ALIGNMENT(SORT_BY_NAME(.bss*)))
 .bss.configured_freq
                0x20000268       0x28 CMakeFiles/hallcal.dir/pico-sdk/src/rp2_common/hardware_clocks/clocks.c.obj
 .bss.default_alarm_pool_entries
                0x20000290      0x100 CMakeFiles/hallcal.dir/pico-sdk/src/common/pico_time/time.c.obj
 .bss.sd_table  0x20000390      0x100 CMakeFiles/hallcal.dir/pico-sdk/src/rp2_common/pico_double/double_init_rom.c.obj
                0x20000390                sd_table
 .bss.sf_table  0x20000490      0x100 CMakeFiles/hallcal.dir/pico-sdk/src/rp2_common/pico_float/float_init_rom.c.obj
                0x20000490                sf_table
 .bss.alarm_callbacks
                0x20000590       0x10 CMakeFiles/hallcal.dir/pico-sdk/src/rp2_common/hardware_timer/timer.c.obj
 .bss.chars_available_callback
                0x200005a0        0x4 CMakeFiles/hallcal.dir/pico-sdk/src/rp2_common/pico_stdio_uart/stdio_uart.c.obj
 .bss.chars_available_param
                0x200005a4        0x4 CMakeFiles/hallcal.dir/pico-sdk/src/rp2_common/pico_stdio_uart/stdio_uart.c.obj
 .bss.default_alarm_pool_entry_ids_high
                0x200005a8       0x10 CMakeFiles/hallcal.dir/pico-sdk/src/common/pico_time/time.c.obj
 .bss.default_alarm_pool_heap_nodes
                0x200005b8       0x30 CMakeFiles/hallcal.dir/pico-sdk/src/common/pico_time/time.c.obj
 .bss.drivers   0x200005e8        0x4 CMakeFiles/hallcal.dir/pico-sdk/src/rp2_common/pico_stdio/stdio.c.obj
 .bss.filter    0x200005ec        0x4 CMakeFiles/hallcal.dir/pico-sdk/src/rp2_common/pico_stdio/stdio.c.obj
 .bss.lazy_vsnprintf
                0x200005f0        0x4 CMakeFiles/hallcal.dir/pico-sdk/src/rp2_common/pico_printf/printf.c.obj
 .bss.object.0  0x200005f4       0x18 /usr/bin/../lib/gcc/arm-none-eabi/13.2.1/thumb/v6-m/nofp/crtbegin.o
 .bss.pools     0x2000060c       0x10 CMakeFiles/hallcal.dir/pico-sdk/src/common/pico_time/time.c.obj
 .bss.sf_clz_func
                0x2000061c        0x4 CMakeFiles/hallcal.dir/pico-sdk/src/rp2_common/pico_double/double_init_rom.c.obj
                0x2000061c                sf_clz_func
 .bss.sleep_notifier
                0x20000620        0x4 CMakeFiles/hallcal.dir/pico-sdk/src/common/pico_time/time.c.obj
 .bss.target_hi
                0x20000624       0x10 CMakeFiles/hallcal.dir/pico-sdk/src/rp2_common/hardware_timer/timer.c.obj
 .bss.uart_char_to_line_feed
                0x20000634        0x4 CMakeFiles/hallcal.dir/pico-sdk/src/rp2_common/hardware_uart/uart.c.obj
                0x20000634                uart_char_to_line_feed
 .bss.uart_instance
                0x20000638        0x4 CMakeFiles/hallcal.dir/pico-sdk/src/rp2_common/pico_stdio_uart/stdio_uart.c.obj
 .bss.claimed   0x2000063c        0x1 CMakeFiles/hallcal.dir/pico-sdk/src/rp2_common/hardware_timer/timer.c.obj
 .bss.irq_hander_chain_free_slot_head
                0x2000063d        0x1 CMakeFiles/hallcal.dir/pico-sdk/src/rp2_common/hardware_irq/irq.c.obj
 .bss.timer_callbacks_pending
                0x2000063e        0x1 CMakeFiles/hallcal.dir/pico-sdk/src/rp2_common/hardware_timer/timer.c.obj
 *(COMMON)
                0x20000640                        . = ALIGN (0x4)
 *fill*         0x2000063f        0x1 
                0x20000640                        __bss_end__ = .

.heap           0x20000640      0x800
                0x20000640                        __end__ = .
                0x20000640                        end = __end__
 *(.heap*)
 .heap          0x20000640      0x800 CMakeFiles/hallcal.dir/pico-sdk/src/rp2_common/pico_standard_link/crt0.S.obj
                0x20000e40                        __HeapLimit = .

.stack1_dummy
 *(.stack1*)

.stack_dummy    0x20041000      0x800
 *(.stack*)
 .stack         0x20041000      0x800 CMakeFiles/hallcal.dir/pico-sdk/src/rp2_common/pico_standard_link/crt0.S.obj

.flash_end      0x10004d44        0x0
                0x10004d44                        PROVIDE (__flash_binary_end = .)
                0x20040000                        __StackLimit = (ORIGIN (RAM) + LENGTH (RAM))
                0x20041000                        __StackOneTop = (ORIGIN (SCRATCH_X) + LENGTH (SCRATCH_X))
                0x20042000                        __StackTop = (ORIGIN (SCRATCH_Y) + LENGTH (SCRATCH_Y))
                0x20041000                        __StackOneBottom = (__StackOneTop - SIZEOF (.stack1_dummy))
                0x20041800                        __StackBottom = (__StackTop - SIZEOF (.stack_dummy))
                0x20042000                        PROVIDE (__stack = __StackTop)
                0x00000001                        ASSERT ((__StackLimit >= __HeapLimit), region RAM overflowed)
                0x00000001                        ASSERT (((__binary_info_header_end - __logical_binary_start) <= 0x100), Binary info must be in first 256 bytes of the binary)
LOAD CMakeFiles/hallcal.dir/callibration.c.obj
LOAD CMakeFiles/hallcal.dir/pico-sdk/src/rp2_common/pico_stdlib/stdlib.c.obj
LOAD CMakeFiles/hallcal.dir/pico-sdk/src/rp2_common/hardware_gpio/gpio.c.obj
LOAD CMakeFiles/hallcal.dir/pico-sdk/src/rp2_common/pico_platform/platform.c.obj
LOAD CMakeFiles/hallcal.dir/pico-sdk/src/rp2_common/hardware_claim/claim.c.obj
LOAD CMakeFiles/hallcal.dir/pico-sdk/src/rp2_common/hardware_sync/sync.c.obj
LOAD CMakeFiles/hallcal.dir/pico-sdk/src/rp2_common/hardware_irq/irq.c.obj
LOAD CMakeFiles/hallcal.dir/pico-sdk/src/rp2_common/hardware_irq/irq_handler_chain.S.obj
LOAD CMakeFiles/hallcal.dir/pico-sdk/src/common/pico_sync/sem.c.obj
LOAD CMakeFiles/hallcal.dir/pico-sdk/src/common/pico_sync/lock_core.c.obj
LOAD CMakeFiles/hallcal.dir/pico-sdk/src/common/pico_sync/mutex.c.obj
LOAD CMakeFiles/hallcal.dir/pico-sdk/src/common/pico_sync/critical_section.c.obj
LOAD CMakeFiles/hallcal.dir/pico-sdk/src/common/pico_time/time.c.obj
LOAD CMakeFiles/hallcal.dir/pico-sdk/src/common/pico_time/timeout_helper.c.obj
LOAD CMakeFiles/hallcal.dir/pico-sdk/src/rp2_common/hardware_timer/timer.c.obj
LOAD CMakeFiles/hallcal.dir/pico-sdk/src/common/pico_util/datetime.c.obj
LOAD CMakeFiles/hallcal.dir/pico-sdk/src/common/pico_util/pheap.c.obj
LOAD CMakeFiles/hallcal.dir/pico-sdk/src/common/pico_util/queue.c.obj
LOAD CMakeFiles/hallcal.dir/pico-sdk/src/rp2_common/hardware_uart/uart.c.obj
LOAD CMakeFiles/hallcal.dir/pico-sdk/src/rp2_common/hardware_clocks/clocks.c.obj
LOAD CMakeFiles/hallcal.dir/pico-sdk/src/rp2_common/hardware_pll/pll.c.obj
LOAD CMakeFiles/hallcal.dir/pico-sdk/src/rp2_common/hardware_vreg/vreg.c.obj
LOAD CMakeFiles/hallcal.dir/pico-sdk/src/rp2_common/hardware_watchdog/watchdog.c.obj
LOAD CMakeFiles/hallcal.dir/pico-sdk/src/rp2_common/hardware_xosc/xosc.c.obj
LOAD CMakeFiles/hallcal.dir/pico-sdk/src/rp2_common/hardware_divider/divider.S.obj
LOAD CMakeFiles/hallcal.dir/pico-sdk/src/rp2_common/pico_runtime/runtime.c.obj
LOAD CMakeFiles/hallcal.dir/pico-sdk/src/rp2_common/pico_printf/printf.c.obj
LOAD CMakeFiles/hallcal.dir/pico-sdk/src/rp2_common/pico_bit_ops/bit_ops_aeabi.S.obj
LOAD CMakeFiles/hallcal.dir/pico-sdk/src/rp2_common/pico_bootrom/bootrom.c.obj
LOAD CMakeFiles/hallcal.dir/pico-sdk/src/rp2_common/pico_divider/divider.S.obj
LOAD CMakeFiles/hallcal.dir/pico-sdk/src/rp2_common/pico_double/double_aeabi.S.obj
LOAD CMakeFiles/hallcal.dir/pico-sdk/src/rp2_common/pico_double/double_init_rom.c.obj
LOAD CMakeFiles/hallcal.dir/pico-sdk/src/rp2_common/pico_double/double_math.c.obj
LOAD CMakeFiles/hallcal.dir/pico-sdk/src/rp2_common/pico_double/double_v1_rom_shim.S.obj
LOAD CMakeFiles/hallcal.dir/pico-sdk/src/rp2_common/pico_int64_ops/pico_int64_ops_aeabi.S.obj
LOAD CMakeFiles/hallcal.dir/pico-sdk/src/rp2_common/pico_float/float_aeabi.S.obj
LOAD CMakeFiles/hallcal.dir/pico-sdk/src/rp2_common/pico_float/float_init_rom.c.obj
LOAD CMakeFiles/hallcal.dir/pico-sdk/src/rp2_common/pico_float/float_math.c.obj
LOAD CMakeFiles/hallcal.dir/pico-sdk/src/rp2_common/pico_float/float_v1_rom_shim.S.obj
LOAD CMakeFiles/hallcal.dir/pico-sdk/src/rp2_common/pico_malloc/pico_malloc.c.obj
LOAD CMakeFiles/hallcal.dir/pico-sdk/src/rp2_common/pico_mem_ops/mem_ops_aeabi.S.obj
LOAD CMakeFiles/hallcal.dir/pico-sdk/src/rp2_common/pico_standard_link/crt0.S.obj
LOAD CMakeFiles/hallcal.dir/pico-sdk/src/rp2_common/pico_standard_link/new_delete.cpp.obj
LOAD CMakeFiles/hallcal.dir/pico-sdk/src/rp2_common/pico_standard_link/binary_info.c.obj
LOAD CMakeFiles/hallcal.dir/pico-sdk/src/rp2_common/pico_stdio/stdio.c.obj
LOAD CMakeFiles/hallcal.dir/pico-sdk/src/rp2_common/pico_stdio_uart/stdio_uart.c.obj
LOAD CMakeFiles/hallcal.dir/pico-sdk/src/rp2_common/hardware_adc/adc.c.obj
LOAD /tmp/cc2MZrpX.o
LOAD /usr/bin/../lib/gcc/arm-none-eabi/13.2.1/../../../../arm-none-eabi/lib/thumb/v6-m/nofp/libstdc++.a
LOAD /usr/bin/../lib/gcc/arm-none-eabi/13.2.1/../../../../arm-none-eabi/lib/thumb/v6-m/nofp/libm.a
START GROUP
LOAD /usr/bin/../lib/gcc/arm-none-eabi/13.2.1/thumb/v6-m/nofp/libgcc.a
LOAD /usr/bin/../lib/gcc/arm-none-eabi/13.2.1/../../../../arm-none-eabi/lib/thumb/v6-m/nofp/libc.a
END GROUP
START GROUP
LOAD /usr/bin/../lib/gcc/arm-none-eabi/13.2.1/thumb/v6-m/nofp/libgcc.a
LOAD /usr/bin/../lib/gcc/arm-none-eabi/13.2.1/../../../../arm-none-eabi/lib/thumb/v6-m/nofp/libc.a
LOAD /usr/bin/../lib/gcc/arm-none-eabi/13.2.1/../../../../arm-none-eabi/lib/thumb/v6-m/nofp/libnosys.a
END GROUP
LOAD /usr/bin/../lib/gcc/arm-none-eabi/13.2.1/thumb/v6-m/nofp/crtend.o
LOAD /usr/bin/../lib/gcc/arm-none-eabi/13.2.1/thumb/v6-m/nofp/crtn.o
OUTPUT(hallcal.elf elf32-littlearm)
LOAD linker stubs

.ARM.attributes
                0x00000000       0x28
 .ARM.attributes
                0x00000000       0x1e /usr/bin/../lib/gcc/arm-none-eabi/13.2.1/thumb/v6-m/nofp/crti.o
 .ARM.attributes
                0x0000001e       0x2c /usr/bin/../lib/gcc/arm-none-eabi/13.2.1/thumb/v6-m/nofp/crtbegin.o
 .ARM.attributes
                0x0000004a       0x2c CMakeFiles/hallcal.dir/callibration.c.obj
 .ARM.attributes
                0x00000076       0x2c CMakeFiles/hallcal.dir/pico-sdk/src/rp2_common/hardware_gpio/gpio.c.obj
 .ARM.attributes
                0x000000a2       0x2c CMakeFiles/hallcal.dir/pico-sdk/src/rp2_common/pico_platform/platform.c.obj
 .ARM.attributes
                0x000000ce       0x2c CMakeFiles/hallcal.dir/pico-sdk/src/rp2_common/hardware_claim/claim.c.obj
 .ARM.attributes
                0x000000fa       0x2c CMakeFiles/hallcal.dir/pico-sdk/src/rp2_common/hardware_sync/sync.c.obj
 .ARM.attributes
                0x00000126       0x2c CMakeFiles/hallcal.dir/pico-sdk/src/rp2_common/hardware_irq/irq.c.obj
 .ARM.attributes
                0x00000152       0x22 CMakeFiles/hallcal.dir/pico-sdk/src/rp2_common/hardware_irq/irq_handler_chain.S.obj
 .ARM.attributes
                0x00000174       0x2c CMakeFiles/hallcal.dir/pico-sdk/src/common/pico_sync/lock_core.c.obj
 .ARM.attributes
                0x000001a0       0x2c CMakeFiles/hallcal.dir/pico-sdk/src/common/pico_sync/mutex.c.obj
 .ARM.attributes
                0x000001cc       0x2c CMakeFiles/hallcal.dir/pico-sdk/src/common/pico_time/time.c.obj
 .ARM.attributes
                0x000001f8       0x2c CMakeFiles/hallcal.dir/pico-sdk/src/rp2_common/hardware_timer/timer.c.obj
 .ARM.attributes
                0x00000224       0x2c CMakeFiles/hallcal.dir/pico-sdk/src/common/pico_util/pheap.c.obj
 .ARM.attributes
                0x00000250       0x2c CMakeFiles/hallcal.dir/pico-sdk/src/rp2_common/hardware_uart/uart.c.obj
 .ARM.attributes
                0x0000027c       0x2c CMakeFiles/hallcal.dir/pico-sdk/src/rp2_common/hardware_clocks/clocks.c.obj
 .ARM.attributes
                0x000002a8       0x2c CMakeFiles/hallcal.dir/pico-sdk/src/rp2_common/hardware_pll/pll.c.obj
 .ARM.attributes
                0x000002d4       0x2c CMakeFiles/hallcal.dir/pico-sdk/src/rp2_common/hardware_watchdog/watchdog.c.obj
 .ARM.attributes
                0x00000300       0x2c CMakeFiles/hallcal.dir/pico-sdk/src/rp2_common/hardware_xosc/xosc.c.obj
 .ARM.attributes
                0x0000032c       0x2c CMakeFiles/hallcal.dir/pico-sdk/src/rp2_common/pico_runtime/runtime.c.obj
 .ARM.attributes
                0x00000358       0x2c CMakeFiles/hallcal.dir/pico-sdk/src/rp2_common/pico_printf/printf.c.obj
 .ARM.attributes
                0x00000384       0x22 CMakeFiles/hallcal.dir/pico-sdk/src/rp2_common/pico_bit_ops/bit_ops_aeabi.S.obj
 .ARM.attributes
                0x000003a6       0x2c CMakeFiles/hallcal.dir/pico-sdk/src/rp2_common/pico_bootrom/bootrom.c.obj
 .ARM.attributes
                0x000003d2       0x22 CMakeFiles/hallcal.dir/pico-sdk/src/rp2_common/pico_divider/divider.S.obj
 .ARM.attributes
                0x000003f4       0x22 CMakeFiles/hallcal.dir/pico-sdk/src/rp2_common/pico_double/double_aeabi.S.obj
 .ARM.attributes
                0x00000416       0x2c CMakeFiles/hallcal.dir/pico-sdk/src/rp2_common/pico_double/double_init_rom.c.obj
 .ARM.attributes
                0x00000442       0x22 CMakeFiles/hallcal.dir/pico-sdk/src/rp2_common/pico_double/double_v1_rom_shim.S.obj
 .ARM.attributes
                0x00000464       0x22 CMakeFiles/hallcal.dir/pico-sdk/src/rp2_common/pico_int64_ops/pico_int64_ops_aeabi.S.obj
 .ARM.attributes
                0x00000486       0x22 CMakeFiles/hallcal.dir/pico-sdk/src/rp2_common/pico_float/float_aeabi.S.obj
 .ARM.attributes
                0x000004a8       0x2c CMakeFiles/hallcal.dir/pico-sdk/src/rp2_common/pico_float/float_init_rom.c.obj
 .ARM.attributes
                0x000004d4       0x22 CMakeFiles/hallcal.dir/pico-sdk/src/rp2_common/pico_float/float_v1_rom_shim.S.obj
 .ARM.attributes
                0x000004f6       0x22 CMakeFiles/hallcal.dir/pico-sdk/src/rp2_common/pico_mem_ops/mem_ops_aeabi.S.obj
 .ARM.attributes
                0x00000518       0x22 CMakeFiles/hallcal.dir/pico-sdk/src/rp2_common/pico_standard_link/crt0.S.obj
 .ARM.attributes
                0x0000053a       0x2c CMakeFiles/hallcal.dir/pico-sdk/src/rp2_common/pico_standard_link/binary_info.c.obj
 .ARM.attributes
                0x00000566       0x2c CMakeFiles/hallcal.dir/pico-sdk/src/rp2_common/pico_stdio/stdio.c.obj
 .ARM.attributes
                0x00000592       0x2c CMakeFiles/hallcal.dir/pico-sdk/src/rp2_common/pico_stdio_uart/stdio_uart.c.obj
 .ARM.attributes
                0x000005be       0x2c CMakeFiles/hallcal.dir/pico-sdk/src/rp2_common/hardware_adc/adc.c.obj
 .ARM.attributes
                0x000005ea       0x22 /tmp/cc2MZrpX.o
 .ARM.attributes
                0x0000060c       0x1e /usr/bin/../lib/gcc/arm-none-eabi/13.2.1/thumb/v6-m/nofp/libgcc.a(_dvmd_tls.o)
 .ARM.attributes
                0x0000062a       0x2c /usr/bin/../lib/gcc/arm-none-eabi/13.2.1/../../../../arm-none-eabi/lib/thumb/v6-m/nofp/libc.a(libc_a-strlen-stub.o)
 .ARM.attributes
                0x00000656       0x2c /usr/bin/../lib/gcc/arm-none-eabi/13.2.1/thumb/v6-m/nofp/crtend.o

.comment        0x00000000       0x44
 .comment       0x00000000       0x44 CMakeFiles/hallcal.dir/callibration.c.obj
                                 0x45 (size before relaxing)
 .comment       0x00000044       0x45 CMakeFiles/hallcal.dir/pico-sdk/src/rp2_common/hardware_gpio/gpio.c.obj
 .comment       0x00000044       0x45 CMakeFiles/hallcal.dir/pico-sdk/src/rp2_common/pico_platform/platform.c.obj
 .comment       0x00000044       0x45 CMakeFiles/hallcal.dir/pico-sdk/src/rp2_common/hardware_claim/claim.c.obj
 .comment       0x00000044       0x45 CMakeFiles/hallcal.dir/pico-sdk/src/rp2_common/hardware_sync/sync.c.obj
 .comment       0x00000044       0x45 CMakeFiles/hallcal.dir/pico-sdk/src/rp2_common/hardware_irq/irq.c.obj
 .comment       0x00000044       0x45 CMakeFiles/hallcal.dir/pico-sdk/src/common/pico_sync/lock_core.c.obj
 .comment       0x00000044       0x45 CMakeFiles/hallcal.dir/pico-sdk/src/common/pico_sync/mutex.c.obj
 .comment       0x00000044       0x45 CMakeFiles/hallcal.dir/pico-sdk/src/common/pico_time/time.c.obj
 .comment       0x00000044       0x45 CMakeFiles/hallcal.dir/pico-sdk/src/rp2_common/hardware_timer/timer.c.obj
 .comment       0x00000044       0x45 CMakeFiles/hallcal.dir/pico-sdk/src/common/pico_util/pheap.c.obj
 .comment       0x00000044       0x45 CMakeFiles/hallcal.dir/pico-sdk/src/rp2_common/hardware_uart/uart.c.obj
 .comment       0x00000044       0x45 CMakeFiles/hallcal.dir/pico-sdk/src/rp2_common/hardware_clocks/clocks.c.obj
 .comment       0x00000044       0x45 CMakeFiles/hallcal.dir/pico-sdk/src/rp2_common/hardware_pll/pll.c.obj
 .comment       0x00000044       0x45 CMakeFiles/hallcal.dir/pico-sdk/src/rp2_common/hardware_watchdog/watchdog.c.obj
 .comment       0x00000044       0x45 CMakeFiles/hallcal.dir/pico-sdk/src/rp2_common/hardware_xosc/xosc.c.obj
 .comment       0x00000044       0x45 CMakeFiles/hallcal.dir/pico-sdk/src/rp2_common/pico_runtime/runtime.c.obj
 .comment       0x00000044       0x45 CMakeFiles/hallcal.dir/pico-sdk/src/rp2_common/pico_printf/printf.c.obj
 .comment       0x00000044       0x45 CMakeFiles/hallcal.dir/pico-sdk/src/rp2_common/pico_bootrom/bootrom.c.obj
 .comment       0x00000044       0x45 CMakeFiles/hallcal.dir/pico-sdk/src/rp2_common/pico_double/double_init_rom.c.obj
 .comment       0x00000044       0x45 CMakeFiles/hallcal.dir/pico-sdk/src/rp2_common/pico_float/float_init_rom.c.obj
 .comment       0x00000044       0x45 CMakeFiles/hallcal.dir/pico-sdk/src/rp2_common/pico_standard_link/binary_info.c.obj
 .comment       0x00000044       0x45 CMakeFiles/hallcal.dir/pico-sdk/src/rp2_common/pico_stdio/stdio.c.obj
 .comment       0x00000044       0x45 CMakeFiles/hallcal.dir/pico-sdk/src/rp2_common/pico_stdio_uart/stdio_uart.c.obj
 .comment       0x00000044       0x45 CMakeFiles/hallcal.dir/pico-sdk/src/rp2_common/hardware_adc/adc.c.obj

.debug_line_str
                0x00000000       0xc2
 .debug_line_str
                0x00000000       0xc2 /usr/bin/../lib/gcc/arm-none-eabi/13.2.1/thumb/v6-m/nofp/libgcc.a(_dvmd_tls.o)

.debug_frame    0x00000000       0x28
 .debug_frame   0x00000000       0x28 /usr/bin/../lib/gcc/arm-none-eabi/13.2.1/../../../../arm-none-eabi/lib/thumb/v6-m/nofp/libc.a(libc_a-strlen-stub.o)
